// Jest Snapshot v1, https://goo.gl/fbAQLP

exports[`List render proprely 1`] = `
<div
  className="list "
>
  <div
    className="list__header"
  />
  <ul
    className="list__items"
  >
    <Component />
  </ul>
</div>
`;
